C51 COMPILER V9.50a   DISPLAY                                                              12/04/2017 14:02:11 PAGE 1   


C51 COMPILER V9.50a, COMPILATION OF MODULE DISPLAY
OBJECT MODULE PLACED IN .\Output\display.obj
COMPILER INVOKED BY: C:\Keil_v5\C51\BIN\C51.EXE Code\display.c LARGE OPTIMIZE(8,SPEED) BROWSE INCDIR(..\Include) DEFINE(
                    -FOSC_160000) DEBUG OBJECTEXTEND PRINT(.\LST\display.lst) OBJECT(.\Output\display.obj)

line level    source

   1          #include "bike.h"
   2          
   3          #if ( defined LCD9040 ) || ( defined LCD5535 )
   4                  #include "display_9040.c"
   5          #elif ( defined LCD8794GCT )
                      #include "display_8794GCT.c"
              #elif ( defined LCD6040 )
                      #include "display_6040.c"
              #endif


MODULE INFORMATION:   STATIC OVERLAYABLE
   CODE SIZE        =   1515    ----
   CONSTANT SIZE    =   ----    ----
   XDATA SIZE       =     80       7
   PDATA SIZE       =   ----    ----
   DATA SIZE        =   ----    ----
   IDATA SIZE       =   ----    ----
   BIT SIZE         =   ----    ----
END OF MODULE INFORMATION.


C51 COMPILATION COMPLETE.  0 WARNING(S),  0 ERROR(S)
